// Jest Snapshot v1, https://goo.gl/fbAQLP

exports[`<SortBy/> should render the component 1`] = `
VueWrapper {
  "_emitted": Object {},
  "_emittedByOrder": Array [],
  "isFunctionalComponent": undefined,
}
`;
